// Jest Snapshot v1, https://goo.gl/fbAQLP

exports[`nav should render without crashing 1`] = `
ShallowWrapper {
  "length": 1,
  Symbol(enzyme.__root__): [Circular],
  Symbol(enzyme.__unrendered__): <Nav
    user={null}
  />,
  Symbol(enzyme.__renderer__): Object {
    "batchedUpdates": [Function],
    "getNode": [Function],
    "render": [Function],
    "simulateEvent": [Function],
    "unmount": [Function],
  },
  Symbol(enzyme.__node__): Object {
    "instance": null,
    "key": undefined,
    "nodeType": "host",
    "props": Object {
      "children": Array [
        <ul
          className="jsx-3334897070"
        >
          <Link
            href="/"
          >
            <a
              className="jsx-3334897070"
            >
              <li
                className="jsx-3334897070"
              >
                Home
              </li>
            </a>
          </Link>
        </ul>,
        <JSXStyle
          css="ul.jsx-3334897070{border-top:8px solid HSLA(206,100%,50%,.8);max-width:1000px;display:-webkit-box;display:-webkit-flex;display:-ms-flexbox;display:flex;-webkit-box-pack:justify;-webkit-justify-content:space-between;-ms-flex-pack:justify;justify-content:space-between;margin:0 auto;padding:0 10px;background:HSLA(200,6%,93%,1.00);color:black;font-weight:bold;}li.jsx-3334897070{line-height:4rem;list-style:none;margin:0;}li.jsx-3334897070:hover{cursor:pointer;}a.jsx-3334897070{text-decoration:none;color:black;font-family:\\"Arial\\";}a.jsx-3334897070:hover{opacity:0.6;}"
          styleId="3334897070"
        />,
      ],
      "className": "jsx-3334897070",
    },
    "ref": null,
    "rendered": Array [
      Object {
        "instance": null,
        "key": undefined,
        "nodeType": "host",
        "props": Object {
          "children": Array [
            <Link
              href="/"
            >
              <a
                className="jsx-3334897070"
              >
                <li
                  className="jsx-3334897070"
                >
                  Home
                </li>
              </a>
            </Link>,
            null,
          ],
          "className": "jsx-3334897070",
        },
        "ref": null,
        "rendered": Array [
          Object {
            "instance": null,
            "key": undefined,
            "nodeType": "class",
            "props": Object {
              "children": <a
                className="jsx-3334897070"
              >
                <li
                  className="jsx-3334897070"
                >
                  Home
                </li>
              </a>,
              "href": "/",
            },
            "ref": null,
            "rendered": Object {
              "instance": null,
              "key": undefined,
              "nodeType": "host",
              "props": Object {
                "children": <li
                  className="jsx-3334897070"
                >
                  Home
                </li>,
                "className": "jsx-3334897070",
              },
              "ref": null,
              "rendered": Object {
                "instance": null,
                "key": undefined,
                "nodeType": "host",
                "props": Object {
                  "children": "Home",
                  "className": "jsx-3334897070",
                },
                "ref": null,
                "rendered": "Home",
                "type": "li",
              },
              "type": "a",
            },
            "type": [Function],
          },
          null,
        ],
        "type": "ul",
      },
      Object {
        "instance": null,
        "key": undefined,
        "nodeType": "class",
        "props": Object {
          "css": "ul.jsx-3334897070{border-top:8px solid HSLA(206,100%,50%,.8);max-width:1000px;display:-webkit-box;display:-webkit-flex;display:-ms-flexbox;display:flex;-webkit-box-pack:justify;-webkit-justify-content:space-between;-ms-flex-pack:justify;justify-content:space-between;margin:0 auto;padding:0 10px;background:HSLA(200,6%,93%,1.00);color:black;font-weight:bold;}li.jsx-3334897070{line-height:4rem;list-style:none;margin:0;}li.jsx-3334897070:hover{cursor:pointer;}a.jsx-3334897070{text-decoration:none;color:black;font-family:\\"Arial\\";}a.jsx-3334897070:hover{opacity:0.6;}",
          "styleId": "3334897070",
        },
        "ref": null,
        "rendered": null,
        "type": [Function],
      },
    ],
    "type": "div",
  },
  Symbol(enzyme.__nodes__): Array [
    Object {
      "instance": null,
      "key": undefined,
      "nodeType": "host",
      "props": Object {
        "children": Array [
          <ul
            className="jsx-3334897070"
          >
            <Link
              href="/"
            >
              <a
                className="jsx-3334897070"
              >
                <li
                  className="jsx-3334897070"
                >
                  Home
                </li>
              </a>
            </Link>
          </ul>,
          <JSXStyle
            css="ul.jsx-3334897070{border-top:8px solid HSLA(206,100%,50%,.8);max-width:1000px;display:-webkit-box;display:-webkit-flex;display:-ms-flexbox;display:flex;-webkit-box-pack:justify;-webkit-justify-content:space-between;-ms-flex-pack:justify;justify-content:space-between;margin:0 auto;padding:0 10px;background:HSLA(200,6%,93%,1.00);color:black;font-weight:bold;}li.jsx-3334897070{line-height:4rem;list-style:none;margin:0;}li.jsx-3334897070:hover{cursor:pointer;}a.jsx-3334897070{text-decoration:none;color:black;font-family:\\"Arial\\";}a.jsx-3334897070:hover{opacity:0.6;}"
            styleId="3334897070"
          />,
        ],
        "className": "jsx-3334897070",
      },
      "ref": null,
      "rendered": Array [
        Object {
          "instance": null,
          "key": undefined,
          "nodeType": "host",
          "props": Object {
            "children": Array [
              <Link
                href="/"
              >
                <a
                  className="jsx-3334897070"
                >
                  <li
                    className="jsx-3334897070"
                  >
                    Home
                  </li>
                </a>
              </Link>,
              null,
            ],
            "className": "jsx-3334897070",
          },
          "ref": null,
          "rendered": Array [
            Object {
              "instance": null,
              "key": undefined,
              "nodeType": "class",
              "props": Object {
                "children": <a
                  className="jsx-3334897070"
                >
                  <li
                    className="jsx-3334897070"
                  >
                    Home
                  </li>
                </a>,
                "href": "/",
              },
              "ref": null,
              "rendered": Object {
                "instance": null,
                "key": undefined,
                "nodeType": "host",
                "props": Object {
                  "children": <li
                    className="jsx-3334897070"
                  >
                    Home
                  </li>,
                  "className": "jsx-3334897070",
                },
                "ref": null,
                "rendered": Object {
                  "instance": null,
                  "key": undefined,
                  "nodeType": "host",
                  "props": Object {
                    "children": "Home",
                    "className": "jsx-3334897070",
                  },
                  "ref": null,
                  "rendered": "Home",
                  "type": "li",
                },
                "type": "a",
              },
              "type": [Function],
            },
            null,
          ],
          "type": "ul",
        },
        Object {
          "instance": null,
          "key": undefined,
          "nodeType": "class",
          "props": Object {
            "css": "ul.jsx-3334897070{border-top:8px solid HSLA(206,100%,50%,.8);max-width:1000px;display:-webkit-box;display:-webkit-flex;display:-ms-flexbox;display:flex;-webkit-box-pack:justify;-webkit-justify-content:space-between;-ms-flex-pack:justify;justify-content:space-between;margin:0 auto;padding:0 10px;background:HSLA(200,6%,93%,1.00);color:black;font-weight:bold;}li.jsx-3334897070{line-height:4rem;list-style:none;margin:0;}li.jsx-3334897070:hover{cursor:pointer;}a.jsx-3334897070{text-decoration:none;color:black;font-family:\\"Arial\\";}a.jsx-3334897070:hover{opacity:0.6;}",
            "styleId": "3334897070",
          },
          "ref": null,
          "rendered": null,
          "type": [Function],
        },
      ],
      "type": "div",
    },
  ],
  Symbol(enzyme.__options__): Object {
    "adapter": ReactSixteenAdapter {
      "options": Object {
        "enableComponentDidUpdateOnSetState": true,
      },
    },
  },
}
`;
