// Jest Snapshot v1, https://goo.gl/fbAQLP

exports[`PurposeCard should render without crashing 1`] = `
ShallowWrapper {
  "length": 1,
  Symbol(enzyme.__root__): [Circular],
  Symbol(enzyme.__unrendered__): <PurposeCard
    deletePurpose={[Function]}
    id="56yhs3"
    purpose="what a great purpose"
  />,
  Symbol(enzyme.__renderer__): Object {
    "batchedUpdates": [Function],
    "getNode": [Function],
    "render": [Function],
    "simulateEvent": [Function],
    "unmount": [Function],
  },
  Symbol(enzyme.__node__): Object {
    "instance": null,
    "key": undefined,
    "nodeType": "host",
    "props": Object {
      "children": Array [
        <p
          className="jsx-3005972355"
        >
          what a great purpose
        </p>,
        <p
          className="jsx-3005972355 x"
          onClick={[Function]}
        >
          x
        </p>,
        <JSXStyle
          css="div.jsx-3005972355{border-radius:5px;display:-webkit-box;display:-webkit-flex;display:-ms-flexbox;display:flex;background:HSLA(206,100%,50%,0.1);margin-right:5px;margin-top:5px;}p.jsx-3005972355{margin:10px;padding-bottom:0;white-space:nowrap;}.x.jsx-3005972355{padding-left:5px;cursor:pointer;}"
          styleId="3005972355"
        />,
      ],
      "className": "jsx-3005972355",
    },
    "ref": null,
    "rendered": Array [
      Object {
        "instance": null,
        "key": undefined,
        "nodeType": "host",
        "props": Object {
          "children": "what a great purpose",
          "className": "jsx-3005972355",
        },
        "ref": null,
        "rendered": "what a great purpose",
        "type": "p",
      },
      Object {
        "instance": null,
        "key": undefined,
        "nodeType": "host",
        "props": Object {
          "children": "x",
          "className": "jsx-3005972355 x",
          "onClick": [Function],
        },
        "ref": null,
        "rendered": "x",
        "type": "p",
      },
      Object {
        "instance": null,
        "key": undefined,
        "nodeType": "class",
        "props": Object {
          "css": "div.jsx-3005972355{border-radius:5px;display:-webkit-box;display:-webkit-flex;display:-ms-flexbox;display:flex;background:HSLA(206,100%,50%,0.1);margin-right:5px;margin-top:5px;}p.jsx-3005972355{margin:10px;padding-bottom:0;white-space:nowrap;}.x.jsx-3005972355{padding-left:5px;cursor:pointer;}",
          "styleId": "3005972355",
        },
        "ref": null,
        "rendered": null,
        "type": [Function],
      },
    ],
    "type": "div",
  },
  Symbol(enzyme.__nodes__): Array [
    Object {
      "instance": null,
      "key": undefined,
      "nodeType": "host",
      "props": Object {
        "children": Array [
          <p
            className="jsx-3005972355"
          >
            what a great purpose
          </p>,
          <p
            className="jsx-3005972355 x"
            onClick={[Function]}
          >
            x
          </p>,
          <JSXStyle
            css="div.jsx-3005972355{border-radius:5px;display:-webkit-box;display:-webkit-flex;display:-ms-flexbox;display:flex;background:HSLA(206,100%,50%,0.1);margin-right:5px;margin-top:5px;}p.jsx-3005972355{margin:10px;padding-bottom:0;white-space:nowrap;}.x.jsx-3005972355{padding-left:5px;cursor:pointer;}"
            styleId="3005972355"
          />,
        ],
        "className": "jsx-3005972355",
      },
      "ref": null,
      "rendered": Array [
        Object {
          "instance": null,
          "key": undefined,
          "nodeType": "host",
          "props": Object {
            "children": "what a great purpose",
            "className": "jsx-3005972355",
          },
          "ref": null,
          "rendered": "what a great purpose",
          "type": "p",
        },
        Object {
          "instance": null,
          "key": undefined,
          "nodeType": "host",
          "props": Object {
            "children": "x",
            "className": "jsx-3005972355 x",
            "onClick": [Function],
          },
          "ref": null,
          "rendered": "x",
          "type": "p",
        },
        Object {
          "instance": null,
          "key": undefined,
          "nodeType": "class",
          "props": Object {
            "css": "div.jsx-3005972355{border-radius:5px;display:-webkit-box;display:-webkit-flex;display:-ms-flexbox;display:flex;background:HSLA(206,100%,50%,0.1);margin-right:5px;margin-top:5px;}p.jsx-3005972355{margin:10px;padding-bottom:0;white-space:nowrap;}.x.jsx-3005972355{padding-left:5px;cursor:pointer;}",
            "styleId": "3005972355",
          },
          "ref": null,
          "rendered": null,
          "type": [Function],
        },
      ],
      "type": "div",
    },
  ],
  Symbol(enzyme.__options__): Object {
    "adapter": ReactSixteenAdapter {
      "options": Object {
        "enableComponentDidUpdateOnSetState": true,
      },
    },
  },
}
`;
