// Jest Snapshot v1, https://goo.gl/fbAQLP

exports[`DayOptions component should render without crashing 1`] = `
ShallowWrapper {
  "length": 1,
  Symbol(enzyme.__root__): [Circular],
  Symbol(enzyme.__unrendered__): <DayOptions
    date={"2018-03-23T05:00:00.000Z"}
    handleChange={[Function]}
    selected={null}
  />,
  Symbol(enzyme.__renderer__): Object {
    "batchedUpdates": [Function],
    "getNode": [Function],
    "render": [Function],
    "simulateEvent": [Function],
    "unmount": [Function],
  },
  Symbol(enzyme.__node__): Object {
    "instance": null,
    "key": undefined,
    "nodeType": "host",
    "props": Object {
      "children": Array [
        <option
          data-test="day"
          value={1}
        >
          1
        </option>,
        <option
          data-test="day"
          value={2}
        >
          2
        </option>,
        <option
          data-test="day"
          value={3}
        >
          3
        </option>,
        <option
          data-test="day"
          value={4}
        >
          4
        </option>,
        <option
          data-test="day"
          value={5}
        >
          5
        </option>,
        <option
          data-test="day"
          value={6}
        >
          6
        </option>,
        <option
          data-test="day"
          value={7}
        >
          7
        </option>,
        <option
          data-test="day"
          value={8}
        >
          8
        </option>,
        <option
          data-test="day"
          value={9}
        >
          9
        </option>,
        <option
          data-test="day"
          value={10}
        >
          10
        </option>,
        <option
          data-test="day"
          value={11}
        >
          11
        </option>,
        <option
          data-test="day"
          value={12}
        >
          12
        </option>,
        <option
          data-test="day"
          value={13}
        >
          13
        </option>,
        <option
          data-test="day"
          value={14}
        >
          14
        </option>,
        <option
          data-test="day"
          value={15}
        >
          15
        </option>,
        <option
          data-test="day"
          value={16}
        >
          16
        </option>,
        <option
          data-test="day"
          value={17}
        >
          17
        </option>,
        <option
          data-test="day"
          value={18}
        >
          18
        </option>,
        <option
          data-test="day"
          value={19}
        >
          19
        </option>,
        <option
          data-test="day"
          value={20}
        >
          20
        </option>,
        <option
          data-test="day"
          value={21}
        >
          21
        </option>,
        <option
          data-test="day"
          value={22}
        >
          22
        </option>,
        <option
          data-test="day"
          value={23}
        >
          23
        </option>,
        <option
          data-test="day"
          value={24}
        >
          24
        </option>,
        <option
          data-test="day"
          value={25}
        >
          25
        </option>,
        <option
          data-test="day"
          value={26}
        >
          26
        </option>,
        <option
          data-test="day"
          value={27}
        >
          27
        </option>,
        <option
          data-test="day"
          value={28}
        >
          28
        </option>,
        <option
          data-test="day"
          value={29}
        >
          29
        </option>,
        <option
          data-test="day"
          value={30}
        >
          30
        </option>,
        <option
          data-test="day"
          value={31}
        >
          31
        </option>,
      ],
      "className": "u-full-width two columns",
      "name": "date",
      "onChange": [Function],
      "value": null,
    },
    "ref": null,
    "rendered": Array [
      Object {
        "instance": null,
        "key": "1",
        "nodeType": "host",
        "props": Object {
          "children": 1,
          "data-test": "day",
          "value": 1,
        },
        "ref": null,
        "rendered": 1,
        "type": "option",
      },
      Object {
        "instance": null,
        "key": "2",
        "nodeType": "host",
        "props": Object {
          "children": 2,
          "data-test": "day",
          "value": 2,
        },
        "ref": null,
        "rendered": 2,
        "type": "option",
      },
      Object {
        "instance": null,
        "key": "3",
        "nodeType": "host",
        "props": Object {
          "children": 3,
          "data-test": "day",
          "value": 3,
        },
        "ref": null,
        "rendered": 3,
        "type": "option",
      },
      Object {
        "instance": null,
        "key": "4",
        "nodeType": "host",
        "props": Object {
          "children": 4,
          "data-test": "day",
          "value": 4,
        },
        "ref": null,
        "rendered": 4,
        "type": "option",
      },
      Object {
        "instance": null,
        "key": "5",
        "nodeType": "host",
        "props": Object {
          "children": 5,
          "data-test": "day",
          "value": 5,
        },
        "ref": null,
        "rendered": 5,
        "type": "option",
      },
      Object {
        "instance": null,
        "key": "6",
        "nodeType": "host",
        "props": Object {
          "children": 6,
          "data-test": "day",
          "value": 6,
        },
        "ref": null,
        "rendered": 6,
        "type": "option",
      },
      Object {
        "instance": null,
        "key": "7",
        "nodeType": "host",
        "props": Object {
          "children": 7,
          "data-test": "day",
          "value": 7,
        },
        "ref": null,
        "rendered": 7,
        "type": "option",
      },
      Object {
        "instance": null,
        "key": "8",
        "nodeType": "host",
        "props": Object {
          "children": 8,
          "data-test": "day",
          "value": 8,
        },
        "ref": null,
        "rendered": 8,
        "type": "option",
      },
      Object {
        "instance": null,
        "key": "9",
        "nodeType": "host",
        "props": Object {
          "children": 9,
          "data-test": "day",
          "value": 9,
        },
        "ref": null,
        "rendered": 9,
        "type": "option",
      },
      Object {
        "instance": null,
        "key": "10",
        "nodeType": "host",
        "props": Object {
          "children": 10,
          "data-test": "day",
          "value": 10,
        },
        "ref": null,
        "rendered": 10,
        "type": "option",
      },
      Object {
        "instance": null,
        "key": "11",
        "nodeType": "host",
        "props": Object {
          "children": 11,
          "data-test": "day",
          "value": 11,
        },
        "ref": null,
        "rendered": 11,
        "type": "option",
      },
      Object {
        "instance": null,
        "key": "12",
        "nodeType": "host",
        "props": Object {
          "children": 12,
          "data-test": "day",
          "value": 12,
        },
        "ref": null,
        "rendered": 12,
        "type": "option",
      },
      Object {
        "instance": null,
        "key": "13",
        "nodeType": "host",
        "props": Object {
          "children": 13,
          "data-test": "day",
          "value": 13,
        },
        "ref": null,
        "rendered": 13,
        "type": "option",
      },
      Object {
        "instance": null,
        "key": "14",
        "nodeType": "host",
        "props": Object {
          "children": 14,
          "data-test": "day",
          "value": 14,
        },
        "ref": null,
        "rendered": 14,
        "type": "option",
      },
      Object {
        "instance": null,
        "key": "15",
        "nodeType": "host",
        "props": Object {
          "children": 15,
          "data-test": "day",
          "value": 15,
        },
        "ref": null,
        "rendered": 15,
        "type": "option",
      },
      Object {
        "instance": null,
        "key": "16",
        "nodeType": "host",
        "props": Object {
          "children": 16,
          "data-test": "day",
          "value": 16,
        },
        "ref": null,
        "rendered": 16,
        "type": "option",
      },
      Object {
        "instance": null,
        "key": "17",
        "nodeType": "host",
        "props": Object {
          "children": 17,
          "data-test": "day",
          "value": 17,
        },
        "ref": null,
        "rendered": 17,
        "type": "option",
      },
      Object {
        "instance": null,
        "key": "18",
        "nodeType": "host",
        "props": Object {
          "children": 18,
          "data-test": "day",
          "value": 18,
        },
        "ref": null,
        "rendered": 18,
        "type": "option",
      },
      Object {
        "instance": null,
        "key": "19",
        "nodeType": "host",
        "props": Object {
          "children": 19,
          "data-test": "day",
          "value": 19,
        },
        "ref": null,
        "rendered": 19,
        "type": "option",
      },
      Object {
        "instance": null,
        "key": "20",
        "nodeType": "host",
        "props": Object {
          "children": 20,
          "data-test": "day",
          "value": 20,
        },
        "ref": null,
        "rendered": 20,
        "type": "option",
      },
      Object {
        "instance": null,
        "key": "21",
        "nodeType": "host",
        "props": Object {
          "children": 21,
          "data-test": "day",
          "value": 21,
        },
        "ref": null,
        "rendered": 21,
        "type": "option",
      },
      Object {
        "instance": null,
        "key": "22",
        "nodeType": "host",
        "props": Object {
          "children": 22,
          "data-test": "day",
          "value": 22,
        },
        "ref": null,
        "rendered": 22,
        "type": "option",
      },
      Object {
        "instance": null,
        "key": "23",
        "nodeType": "host",
        "props": Object {
          "children": 23,
          "data-test": "day",
          "value": 23,
        },
        "ref": null,
        "rendered": 23,
        "type": "option",
      },
      Object {
        "instance": null,
        "key": "24",
        "nodeType": "host",
        "props": Object {
          "children": 24,
          "data-test": "day",
          "value": 24,
        },
        "ref": null,
        "rendered": 24,
        "type": "option",
      },
      Object {
        "instance": null,
        "key": "25",
        "nodeType": "host",
        "props": Object {
          "children": 25,
          "data-test": "day",
          "value": 25,
        },
        "ref": null,
        "rendered": 25,
        "type": "option",
      },
      Object {
        "instance": null,
        "key": "26",
        "nodeType": "host",
        "props": Object {
          "children": 26,
          "data-test": "day",
          "value": 26,
        },
        "ref": null,
        "rendered": 26,
        "type": "option",
      },
      Object {
        "instance": null,
        "key": "27",
        "nodeType": "host",
        "props": Object {
          "children": 27,
          "data-test": "day",
          "value": 27,
        },
        "ref": null,
        "rendered": 27,
        "type": "option",
      },
      Object {
        "instance": null,
        "key": "28",
        "nodeType": "host",
        "props": Object {
          "children": 28,
          "data-test": "day",
          "value": 28,
        },
        "ref": null,
        "rendered": 28,
        "type": "option",
      },
      Object {
        "instance": null,
        "key": "29",
        "nodeType": "host",
        "props": Object {
          "children": 29,
          "data-test": "day",
          "value": 29,
        },
        "ref": null,
        "rendered": 29,
        "type": "option",
      },
      Object {
        "instance": null,
        "key": "30",
        "nodeType": "host",
        "props": Object {
          "children": 30,
          "data-test": "day",
          "value": 30,
        },
        "ref": null,
        "rendered": 30,
        "type": "option",
      },
      Object {
        "instance": null,
        "key": "31",
        "nodeType": "host",
        "props": Object {
          "children": 31,
          "data-test": "day",
          "value": 31,
        },
        "ref": null,
        "rendered": 31,
        "type": "option",
      },
    ],
    "type": "select",
  },
  Symbol(enzyme.__nodes__): Array [
    Object {
      "instance": null,
      "key": undefined,
      "nodeType": "host",
      "props": Object {
        "children": Array [
          <option
            data-test="day"
            value={1}
          >
            1
          </option>,
          <option
            data-test="day"
            value={2}
          >
            2
          </option>,
          <option
            data-test="day"
            value={3}
          >
            3
          </option>,
          <option
            data-test="day"
            value={4}
          >
            4
          </option>,
          <option
            data-test="day"
            value={5}
          >
            5
          </option>,
          <option
            data-test="day"
            value={6}
          >
            6
          </option>,
          <option
            data-test="day"
            value={7}
          >
            7
          </option>,
          <option
            data-test="day"
            value={8}
          >
            8
          </option>,
          <option
            data-test="day"
            value={9}
          >
            9
          </option>,
          <option
            data-test="day"
            value={10}
          >
            10
          </option>,
          <option
            data-test="day"
            value={11}
          >
            11
          </option>,
          <option
            data-test="day"
            value={12}
          >
            12
          </option>,
          <option
            data-test="day"
            value={13}
          >
            13
          </option>,
          <option
            data-test="day"
            value={14}
          >
            14
          </option>,
          <option
            data-test="day"
            value={15}
          >
            15
          </option>,
          <option
            data-test="day"
            value={16}
          >
            16
          </option>,
          <option
            data-test="day"
            value={17}
          >
            17
          </option>,
          <option
            data-test="day"
            value={18}
          >
            18
          </option>,
          <option
            data-test="day"
            value={19}
          >
            19
          </option>,
          <option
            data-test="day"
            value={20}
          >
            20
          </option>,
          <option
            data-test="day"
            value={21}
          >
            21
          </option>,
          <option
            data-test="day"
            value={22}
          >
            22
          </option>,
          <option
            data-test="day"
            value={23}
          >
            23
          </option>,
          <option
            data-test="day"
            value={24}
          >
            24
          </option>,
          <option
            data-test="day"
            value={25}
          >
            25
          </option>,
          <option
            data-test="day"
            value={26}
          >
            26
          </option>,
          <option
            data-test="day"
            value={27}
          >
            27
          </option>,
          <option
            data-test="day"
            value={28}
          >
            28
          </option>,
          <option
            data-test="day"
            value={29}
          >
            29
          </option>,
          <option
            data-test="day"
            value={30}
          >
            30
          </option>,
          <option
            data-test="day"
            value={31}
          >
            31
          </option>,
        ],
        "className": "u-full-width two columns",
        "name": "date",
        "onChange": [Function],
        "value": null,
      },
      "ref": null,
      "rendered": Array [
        Object {
          "instance": null,
          "key": "1",
          "nodeType": "host",
          "props": Object {
            "children": 1,
            "data-test": "day",
            "value": 1,
          },
          "ref": null,
          "rendered": 1,
          "type": "option",
        },
        Object {
          "instance": null,
          "key": "2",
          "nodeType": "host",
          "props": Object {
            "children": 2,
            "data-test": "day",
            "value": 2,
          },
          "ref": null,
          "rendered": 2,
          "type": "option",
        },
        Object {
          "instance": null,
          "key": "3",
          "nodeType": "host",
          "props": Object {
            "children": 3,
            "data-test": "day",
            "value": 3,
          },
          "ref": null,
          "rendered": 3,
          "type": "option",
        },
        Object {
          "instance": null,
          "key": "4",
          "nodeType": "host",
          "props": Object {
            "children": 4,
            "data-test": "day",
            "value": 4,
          },
          "ref": null,
          "rendered": 4,
          "type": "option",
        },
        Object {
          "instance": null,
          "key": "5",
          "nodeType": "host",
          "props": Object {
            "children": 5,
            "data-test": "day",
            "value": 5,
          },
          "ref": null,
          "rendered": 5,
          "type": "option",
        },
        Object {
          "instance": null,
          "key": "6",
          "nodeType": "host",
          "props": Object {
            "children": 6,
            "data-test": "day",
            "value": 6,
          },
          "ref": null,
          "rendered": 6,
          "type": "option",
        },
        Object {
          "instance": null,
          "key": "7",
          "nodeType": "host",
          "props": Object {
            "children": 7,
            "data-test": "day",
            "value": 7,
          },
          "ref": null,
          "rendered": 7,
          "type": "option",
        },
        Object {
          "instance": null,
          "key": "8",
          "nodeType": "host",
          "props": Object {
            "children": 8,
            "data-test": "day",
            "value": 8,
          },
          "ref": null,
          "rendered": 8,
          "type": "option",
        },
        Object {
          "instance": null,
          "key": "9",
          "nodeType": "host",
          "props": Object {
            "children": 9,
            "data-test": "day",
            "value": 9,
          },
          "ref": null,
          "rendered": 9,
          "type": "option",
        },
        Object {
          "instance": null,
          "key": "10",
          "nodeType": "host",
          "props": Object {
            "children": 10,
            "data-test": "day",
            "value": 10,
          },
          "ref": null,
          "rendered": 10,
          "type": "option",
        },
        Object {
          "instance": null,
          "key": "11",
          "nodeType": "host",
          "props": Object {
            "children": 11,
            "data-test": "day",
            "value": 11,
          },
          "ref": null,
          "rendered": 11,
          "type": "option",
        },
        Object {
          "instance": null,
          "key": "12",
          "nodeType": "host",
          "props": Object {
            "children": 12,
            "data-test": "day",
            "value": 12,
          },
          "ref": null,
          "rendered": 12,
          "type": "option",
        },
        Object {
          "instance": null,
          "key": "13",
          "nodeType": "host",
          "props": Object {
            "children": 13,
            "data-test": "day",
            "value": 13,
          },
          "ref": null,
          "rendered": 13,
          "type": "option",
        },
        Object {
          "instance": null,
          "key": "14",
          "nodeType": "host",
          "props": Object {
            "children": 14,
            "data-test": "day",
            "value": 14,
          },
          "ref": null,
          "rendered": 14,
          "type": "option",
        },
        Object {
          "instance": null,
          "key": "15",
          "nodeType": "host",
          "props": Object {
            "children": 15,
            "data-test": "day",
            "value": 15,
          },
          "ref": null,
          "rendered": 15,
          "type": "option",
        },
        Object {
          "instance": null,
          "key": "16",
          "nodeType": "host",
          "props": Object {
            "children": 16,
            "data-test": "day",
            "value": 16,
          },
          "ref": null,
          "rendered": 16,
          "type": "option",
        },
        Object {
          "instance": null,
          "key": "17",
          "nodeType": "host",
          "props": Object {
            "children": 17,
            "data-test": "day",
            "value": 17,
          },
          "ref": null,
          "rendered": 17,
          "type": "option",
        },
        Object {
          "instance": null,
          "key": "18",
          "nodeType": "host",
          "props": Object {
            "children": 18,
            "data-test": "day",
            "value": 18,
          },
          "ref": null,
          "rendered": 18,
          "type": "option",
        },
        Object {
          "instance": null,
          "key": "19",
          "nodeType": "host",
          "props": Object {
            "children": 19,
            "data-test": "day",
            "value": 19,
          },
          "ref": null,
          "rendered": 19,
          "type": "option",
        },
        Object {
          "instance": null,
          "key": "20",
          "nodeType": "host",
          "props": Object {
            "children": 20,
            "data-test": "day",
            "value": 20,
          },
          "ref": null,
          "rendered": 20,
          "type": "option",
        },
        Object {
          "instance": null,
          "key": "21",
          "nodeType": "host",
          "props": Object {
            "children": 21,
            "data-test": "day",
            "value": 21,
          },
          "ref": null,
          "rendered": 21,
          "type": "option",
        },
        Object {
          "instance": null,
          "key": "22",
          "nodeType": "host",
          "props": Object {
            "children": 22,
            "data-test": "day",
            "value": 22,
          },
          "ref": null,
          "rendered": 22,
          "type": "option",
        },
        Object {
          "instance": null,
          "key": "23",
          "nodeType": "host",
          "props": Object {
            "children": 23,
            "data-test": "day",
            "value": 23,
          },
          "ref": null,
          "rendered": 23,
          "type": "option",
        },
        Object {
          "instance": null,
          "key": "24",
          "nodeType": "host",
          "props": Object {
            "children": 24,
            "data-test": "day",
            "value": 24,
          },
          "ref": null,
          "rendered": 24,
          "type": "option",
        },
        Object {
          "instance": null,
          "key": "25",
          "nodeType": "host",
          "props": Object {
            "children": 25,
            "data-test": "day",
            "value": 25,
          },
          "ref": null,
          "rendered": 25,
          "type": "option",
        },
        Object {
          "instance": null,
          "key": "26",
          "nodeType": "host",
          "props": Object {
            "children": 26,
            "data-test": "day",
            "value": 26,
          },
          "ref": null,
          "rendered": 26,
          "type": "option",
        },
        Object {
          "instance": null,
          "key": "27",
          "nodeType": "host",
          "props": Object {
            "children": 27,
            "data-test": "day",
            "value": 27,
          },
          "ref": null,
          "rendered": 27,
          "type": "option",
        },
        Object {
          "instance": null,
          "key": "28",
          "nodeType": "host",
          "props": Object {
            "children": 28,
            "data-test": "day",
            "value": 28,
          },
          "ref": null,
          "rendered": 28,
          "type": "option",
        },
        Object {
          "instance": null,
          "key": "29",
          "nodeType": "host",
          "props": Object {
            "children": 29,
            "data-test": "day",
            "value": 29,
          },
          "ref": null,
          "rendered": 29,
          "type": "option",
        },
        Object {
          "instance": null,
          "key": "30",
          "nodeType": "host",
          "props": Object {
            "children": 30,
            "data-test": "day",
            "value": 30,
          },
          "ref": null,
          "rendered": 30,
          "type": "option",
        },
        Object {
          "instance": null,
          "key": "31",
          "nodeType": "host",
          "props": Object {
            "children": 31,
            "data-test": "day",
            "value": 31,
          },
          "ref": null,
          "rendered": 31,
          "type": "option",
        },
      ],
      "type": "select",
    },
  ],
  Symbol(enzyme.__options__): Object {
    "adapter": ReactSixteenAdapter {
      "options": Object {
        "enableComponentDidUpdateOnSetState": true,
      },
    },
  },
}
`;
